// Jest Snapshot v1, https://goo.gl/fbAQLP

exports[`TestButton matches snapshot 1`] = `
<DocumentFragment>
  <button
    type="button"
  >
    hi
  </button>
</DocumentFragment>
`;
